src/components/workflow/ReactFlowNode.tsx(4,1): error TS6192: All imports in import declaration are unused.
src/pages/workflow/Workflow.tsx(749,40): error TS6133: 'saveWorkflow' is declared but its value is never read.
